[2025-07-26 22:07:56.449] [info] Loaded model model from file pendulum.osim
[2025-07-26 22:08:00.398] [info] Loaded model model from file pendulum.osim
[2025-07-27 00:53:40.509] [warning] Model 'model' has subcomponents with duplicate name 'reporter'. The duplicate is being renamed to 'reporter_0'.
[2025-07-27 00:54:57.544] [info] Loaded model model from file pendulum.osim
[2025-07-27 11:41:28.862] [info] 'biceps' Parameter update for the damped-model: ActiveForceLengthCurve minimum value was 0.1 but is now 0.0.
[2025-07-27 11:42:49.448] [cout] [info] [reporter]
[2025-07-27 11:42:49.448] [cout] [info]               | /forceset/bice|               | 
[2025-07-27 11:42:49.448] [cout] [info]           time| ps|fiber_force|    elbow_angle| 
[2025-07-27 11:42:49.448] [cout] [info] --------------| --------------| --------------| 
[2025-07-27 11:42:49.448] [cout] [info]            0.0|       1.180969|      1.5707963| 
[2025-07-27 11:42:49.480] [cout] [info]            1.0|      12.491712|      1.5230853| 
[2025-07-27 11:42:49.508] [cout] [info]            2.0|       9.916035|      1.5948705| 
[2025-07-27 11:42:49.537] [cout] [info]            3.0|      11.057939|      1.6026636| 
[2025-07-27 11:42:49.568] [cout] [info]            4.0|      9.7234001|      1.6040967| 
[2025-07-27 11:42:49.599] [cout] [info]            5.0|      10.001948|      1.6039031| 
[2025-07-27 11:42:49.628] [cout] [info]            6.0|      10.349409|      1.6037791| 
[2025-07-27 11:42:49.659] [cout] [info]            7.0|      9.8001788|       1.603871| 
[2025-07-27 11:42:49.689] [cout] [info]            8.0|       10.52508|      1.6038439| 
[2025-07-27 11:42:49.720] [cout] [info]            9.0|      10.690147|      1.6038484| 
[2025-07-27 11:42:49.749] [cout] [info]           10.0|      9.8741745|      1.6038457| 
[2025-07-27 13:23:46.040] [info] 'biceps' Parameter update for the damped-model: ActiveForceLengthCurve minimum value was 0.1 but is now 0.0.
[2025-07-27 13:23:49.917] [cout] [info] [reporter]
[2025-07-27 13:23:49.917] [cout] [info]               | /forceset/bice|               | 
[2025-07-27 13:23:49.917] [cout] [info]           time| ps|fiber_force|    elbow_angle| 
[2025-07-27 13:23:49.917] [cout] [info] --------------| --------------| --------------| 
[2025-07-27 13:23:49.917] [cout] [info]            0.0|       1.180969|      1.5707963| 
[2025-07-27 13:23:49.931] [cout] [info]            1.0|      12.491712|      1.5230853| 
[2025-07-27 13:23:49.946] [cout] [info]            2.0|       9.916035|      1.5948705| 
[2025-07-27 13:23:49.961] [cout] [info]            3.0|      11.057939|      1.6026636| 
[2025-07-27 13:23:49.977] [cout] [info]            4.0|      9.7234002|      1.6040967| 
[2025-07-27 13:23:49.993] [cout] [info]            5.0|      10.001948|      1.6039031| 
[2025-07-27 13:23:50.008] [cout] [info]            6.0|      10.349409|      1.6037791| 
[2025-07-27 13:23:50.025] [cout] [info]            7.0|      9.8001787|       1.603871| 
[2025-07-27 13:23:50.041] [cout] [info]            8.0|       10.52508|      1.6038439| 
[2025-07-27 13:23:50.057] [cout] [info]            9.0|      10.690147|      1.6038484| 
[2025-07-27 13:23:50.073] [cout] [info]           10.0|      9.8741747|      1.6038457| 
[2025-07-27 19:43:10.928] [info] Loaded model model from file pendulum.osim
[2025-07-28 09:15:18.567] [info] Loaded model model from file pendulum.osim
[2025-07-28 09:34:54.564] [info] Loaded model model from file pendulum.osim
